// Jest Snapshot v1, https://goo.gl/fbAQLP

exports[`Prueba para el componente <HomeScreen /> debe mostrarse correctamente 1`] = `
<div
  className="p-5 mb-4 bg-light rounded-3"
>
  <div
    className="container-fluid py-5"
  >
    <h2
      className="display-5 fw-bold text-center"
    >
      HomeScreen
    </h2>
    <hr />
    <pre
      className="col-md-8 fs-4"
    >
      {}
    </pre>
  </div>
</div>
`;
