// Jest Snapshot v1, https://goo.gl/fbAQLP

exports[`Prueba para el componente <LoginScreen /> debe mostrarse correctamente 1`] = `
<div
  className="p-5 mb-4 bg-light rounded-3"
>
  <div
    className="container-fluid py-5"
  >
    <h2
      className="display-5 fw-bold text-center"
    >
      LoginScreen
    </h2>
    <hr />
    <div
      className="text-center"
    >
      <button
        className="btn btn-success btn-lg"
        onClick={[Function]}
      >
        Login
      </button>
    </div>
  </div>
</div>
`;
